00:01:36 | INFO     | config:187 - TradeOS v6 config loaded | Capital=₹200,000 | DRY_RUN=False | Phase=2
00:01:36 | INFO     | __main__:743 - ============================================================
00:01:36 | INFO     | __main__:744 - STEP 18: AI Market Intelligence 
00:01:36 | INFO     | __main__:745 - ============================================================
00:01:36 | INFO     | __main__:750 - Today: 2026-05-02 | Last trading day: 2026-04-30
00:01:36 | INFO     | __main__:753 - Pass 1: building market context...
00:01:37 | INFO     | __main__:755 -   0 signal candidates | 0 news | 24 sectors | 10 macro indicators | 5 historical echoes
00:01:37 | INFO     | __main__:792 - Calling AI...
00:01:48 | INFO     | __main__:731 - ai_context __MARKET_INTEL__ written
00:01:48 | SUCCESS  | __main__:813 - Step 18 done: 0 scores updated | 0 lessons | Sizing: HALF | FII 5-session: SELLING | Echo: Compared to the April 30 call (HALF sizing, cautious on heavy FII selling), cond
00:05:13 | INFO     | config:187 - TradeOS v6 config loaded | Capital=₹200,000 | DRY_RUN=False | Phase=2
00:05:13 | INFO     | __main__:727 - ============================================================
00:05:13 | INFO     | __main__:728 - STEP 19: AI Decision Engine 
00:05:13 | INFO     | __main__:729 - ============================================================
00:05:13 | INFO     | __main__:735 - Loading context...
00:05:15 | WARNING  | __main__:147 - No gate-passed signals found for 2026-05-02
00:05:15 | WARNING  | __main__:739 - No candidates available — step 19 skipped
01:17:02 | INFO     | config:187 - TradeOS v6 config loaded | Capital=₹200,000 | DRY_RUN=False | Phase=2
01:17:02 | INFO     | __main__:526 - ════════════════════════════════════════════════════════════
01:17:02 | INFO     | __main__:527 -   STEP: Ingest Bhavcopy (NSE primary + BSE fallback)
01:17:02 | INFO     | __main__:528 - ════════════════════════════════════════════════════════════
01:17:02 | INFO     | __main__:531 - Trade date: 2026-05-01
01:17:02 | INFO     | __main__:545 - raw_prices already has 2455 rows for 2026-05-01 — skipping
01:21:09 | INFO     | config:187 - TradeOS v6 config loaded | Capital=₹200,000 | DRY_RUN=False | Phase=2
01:21:09 | INFO     | __main__:546 - ════════════════════════════════════════════════════════════
01:21:09 | INFO     | __main__:547 -   STEP: Ingest Bhavcopy (NSE primary + BSE fallback)
01:21:09 | INFO     | __main__:548 - ════════════════════════════════════════════════════════════
01:21:09 | WARNING  | __main__:571 - Idempotency check failed (non-fatal): cannot access local variable 'trade_date' where it is not associated with a value
01:21:09 | INFO     | __main__:115 -   2026-05-01 is an NSE holiday — stepping back
01:21:09 | INFO     | __main__:576 - Trade date: 2026-04-30
01:21:09 | WARNING  | __main__:611 - raw_prices has 2455 rows for 2026-04-30 but stock_data_daily has only 0 rows — re-running to fix stock_data_daily
01:21:09 | INFO     | __main__:631 - raw_prices already has 2455 rows for 2026-04-30 — skipping
01:25:12 | INFO     | config:187 - TradeOS v6 config loaded | Capital=₹200,000 | DRY_RUN=False | Phase=2
01:25:12 | INFO     | __main__:546 - ════════════════════════════════════════════════════════════
01:25:12 | INFO     | __main__:547 -   STEP: Ingest Bhavcopy (NSE primary + BSE fallback)
01:25:12 | INFO     | __main__:548 - ════════════════════════════════════════════════════════════
01:25:12 | INFO     | __main__:115 -   2026-05-01 is an NSE holiday — stepping back
01:25:12 | INFO     | __main__:553 - Trade date: 2026-04-30
01:25:13 | WARNING  | __main__:588 - raw_prices has 2455 rows for 2026-04-30 but stock_data_daily has only 0 rows — re-running to fix stock_data_daily
01:25:14 | INFO     | __main__:163 - [NSE] Fetching: https://archives.nseindia.com/products/content/sec_bhavdata_full_30042026.csv
01:25:15 | INFO     | __main__:215 - [NSE] ✓ 2455 EQ records | delivery coverage: 2455 stocks
01:25:15 | INFO     | __main__:220 - [NSE] value_cr sample: [0.9551999999999999, 0.0027, 105.366, 1.9879, 0.3859]
01:25:15 | INFO     | __main__:221 - [NSE] value_cr nulls: 0 / 2455
01:25:16 | INFO     | __main__:413 - [UNIVERSE] Chartink symbols: 500
01:25:16 | INFO     | __main__:420 - [UNIVERSE] nifty_total_market symbols: 600
01:25:16 | WARNING  | __main__:429 - [UNIVERSE] 109 in Chartink but NOT in nifty_total_market (screener picked them up — consider adding to NTM): ['ANTHEM', 'CANHLIFE', 'CPPLUS', 'ECLERX', 'EMMVEE', 'ENRIN', 'GROWW', 'HDBFS', 'HEALTHCARE', 'ICICIAMC', 'IDEA', 'JAINREC', 'JSWCEMENT', 'LENSKART', 'LGEINDIA', 'LTM', 'MEESHO', 'NIACL', 'PINELABS', 'PIRAMALFIN', 'PWL', 'RAMCOCEM', 'SAIL', 'SBIN', 'SCHAEFFLER', 'SCHNEIDER', 'SCI', 'SHREECEM', 'SHRIRAMFIN', 'SHYAMMETL', 'SIEMENS', 'SIGNATURE', 'SOBHA', 'SOLARINDS', 'SONACOMS', 'SONATSOFTW', 'SPLPETRO', 'STARHEALTH', 'SUMICHEM', 'SUNDARMFIN', 'SUNPHARMA', 'SUNTV', 'SUPREMEIND', 'SUZLON', 'SWANCORP', 'SWIGGY', 'SYNGENE', 'SYRMA', 'TARIL', 'TATACAP', 'TATACHEM', 'TATACOMM', 'TATACONSUM', 'TATAELXSI', 'TATAINVEST', 'TATAPOWER', 'TATASTEEL', 'TATATECH', 'TBOTEK', 'TCS', 'TECHM', 'TECHNOE', 'TEGA', 'TEJASNET', 'TENNIND', 'THERMAX', 'TIINDIA', 'TIMKEN', 'TITAGARH', 'TITAN', 'TMCV', 'TMPV', 'TORNTPHARM', 'TORNTPOWER', 'TRAVELFOOD', 'TRENT', 'TRIDENT', 'TRITURBINE', 'TTML', 'TVSMOTOR', 'UBL', 'UCOBANK', 'ULTRACEMCO', 'UNIONBANK', 'UNITDSPR', 'UNOMINDA', 'UPL', 'URBANCO', 'USHAMART', 'UTIAMC', 'VBL', 'VEDL', 'VIJAYA', 'VMM', 'VOLTAS', 'VTL', 'WAAREEENER', 'WELCORP', 'WELSPUNLIV', 'WHIRLPOOL', 'WIPRO', 'WOCKPHARMA', 'YESBANK', 'ZEEL', 'ZENSARTECH', 'ZENTEC', 'ZFCVINDIA', 'ZYDUSLIFE', 'ZYDUSWELL']
01:25:16 | INFO     | __main__:434 - [UNIVERSE] 209 in nifty_total_market but NOT in Chartink (no screener hit today): ['AARTIDRUGS', 'AARTIPHARM', 'ACI', 'ADVENZYMES', 'AETHER', 'AGARWALEYE', 'AGI', 'AHLUCONT', 'AJAXENGG', 'AKUMS', 'AKZOINDIA', 'ALIVUS', 'ALKYLAMINE', 'ALLCARGO', 'ALOKINDS', 'APLLTD', 'ARVIND', 'ARVINDFASN', 'ASHOKA', 'ASKAUTOLTD', 'ASTRAMICRO', 'ASTRAZEN', 'AURIONPRO', 'AVALON', 'AVANTIFEED', 'AWFIS', 'AZAD', 'BAJAJELEC', 'BALAMINES', 'BALUFORGE'] …
01:25:16 | INFO     | __main__:659 - [UNIVERSE] stock_data_daily filtered: 2455 → 699 rows (500 chartink ∪ 600 ntm)
01:25:16 | INFO     | __main__:535 - [SDD] ✓ 699 rows upserted to stock_data_daily
01:25:16 | SUCCESS  | __main__:682 - ✓ Bhavcopy (NSE): 2455 rows → raw_prices | 699 rows → stock_data_daily in 4.0s | date=2026-04-30 | delivery coverage: 2455 stocks
01:30:05 | INFO     | config:187 - TradeOS v6 config loaded | Capital=₹200,000 | DRY_RUN=False | Phase=2
01:30:05 | INFO     | __main__:523 - ════════════════════════════════════════════════════════════
01:30:05 | INFO     | __main__:524 -   STEP: Ingest Bhavcopy (NSE primary + BSE fallback)
01:30:05 | INFO     | __main__:525 - ════════════════════════════════════════════════════════════
01:30:05 | INFO     | __main__:115 -   2026-05-01 is an NSE holiday — stepping back
01:30:05 | INFO     | __main__:530 - Trade date: 2026-04-30
01:30:05 | WARNING  | __main__:565 - raw_prices has 2455 rows for 2026-04-30 but stock_data_daily has only 0 rows — re-running to fix stock_data_daily
01:30:07 | INFO     | __main__:163 - [NSE] Fetching: https://archives.nseindia.com/products/content/sec_bhavdata_full_30042026.csv
01:30:08 | INFO     | __main__:215 - [NSE] ✓ 2455 EQ records | delivery coverage: 2455 stocks
01:30:08 | INFO     | __main__:220 - [NSE] value_cr sample: [0.9551999999999999, 0.0027, 105.366, 1.9879, 0.3859]
01:30:08 | INFO     | __main__:221 - [NSE] value_cr nulls: 0 / 2455
01:30:09 | INFO     | __main__:412 - [UNIVERSE] Chartink symbols: 500
01:30:09 | INFO     | __main__:632 - [UNIVERSE] stock_data_daily filtered: 2455 → 499 rows (500 chartink symbols)
01:30:09 | INFO     | __main__:512 - [SDD] ✓ 499 rows upserted to stock_data_daily
01:30:09 | SUCCESS  | __main__:657 - ✓ Bhavcopy (NSE): 2455 rows → raw_prices | 499 rows → stock_data_daily in 4.2s | date=2026-04-30 | delivery coverage: 2455 stocks
01:31:08 | INFO     | config:187 - TradeOS v6 config loaded | Capital=₹200,000 | DRY_RUN=True | Phase=2
01:31:08 | INFO     | __main__:67 - ════════════════════════════════════════════════════════════
01:31:08 | INFO     | __main__:68 -   TradeOS v6 Pipeline | Phase 2
01:31:08 | INFO     | __main__:69 - ════════════════════════════════════════════════════════════
01:31:08 | INFO     | __main__:22 - 
────────────────────────────────────────────────────────────
01:31:08 | INFO     | __main__:23 -   01_market_news
01:31:08 | INFO     | __main__:24 - ────────────────────────────────────────────────────────────
01:31:08 | INFO     | ingestion.ingest_market_news:618 - Market News Ingestion starting [DRY RUN]
01:31:11 | INFO     | ingestion.ingest_market_news:641 -   NSE_CIRCULAR: 7 items
01:31:11 | INFO     | ingestion.ingest_market_news:641 -   RBI: 8 items
01:31:15 | INFO     | ingestion.ingest_market_news:641 -   NSE_BULK_DEAL: 17 items
01:31:15 | INFO     | ingestion.ingest_market_news:641 -   ET_MARKETS: 12 items
01:31:21 | INFO     | ingestion.ingest_market_news:641 -   GOOGLE_NEWS: 18 items
01:31:22 | INFO     | ingestion.ingest_market_news:641 -   SEBI: 8 items
01:31:22 | INFO     | ingestion.ingest_market_news:641 -   INVESTING_COMMODITIES: 10 items
01:31:23 | INFO     | ingestion.ingest_market_news:641 -   INVESTING_MACRO: 11 items
01:31:23 | INFO     | ingestion.ingest_market_news:593 - [DRY RUN] Would write 71 market_news rows
01:31:23 | INFO     | ingestion.ingest_market_news:595 -   [NSE_CIRCULAR] 2026-04-29 | May 2026 F&O Monthly Expiry
01:31:23 | INFO     | ingestion.ingest_market_news:595 -   [NSE_CIRCULAR] 2026-04-29 | NSE India IPO: Is the World’s Largest Exchange Finally Ready
01:31:23 | INFO     | ingestion.ingest_market_news:595 -   [RBI] 2026-05-02 | Withdrawal of &#8377;2000 Denomination Banknotes – Status
01:31:23 | INFO     | ingestion.ingest_market_news:595 -   [RBI] 2026-05-02 | Reserve Bank of India – Bulletin Weekly Statistical Supplement – Extract
01:31:23 | INFO     | ingestion.ingest_market_news:595 -   [RBI] 2026-05-02 | 46th Half-Yearly Report on Management of Foreign Exchange Reserves: October 2025
01:31:23 | SUCCESS  | ingestion.ingest_market_news:648 - Market News done: 91 scraped → 71 written | Sources: {'NSE_CIRCULAR': 7, 'RBI': 8, 'NSE_BULK_DEAL': 17, 'ET_MARKETS': 12, 'GOOGLE_NEWS': 18, 'SEBI': 8, 'INVESTING_COMMODITIES': 10, 'INVESTING_MACRO': 11}
01:31:23 | INFO     | __main__:29 - ✓ 01_market_news done in 15.2s
01:31:23 | INFO     | __main__:22 - 
────────────────────────────────────────────────────────────
01:31:23 | INFO     | __main__:23 -   02_macro_indicators
01:31:23 | INFO     | __main__:24 - ────────────────────────────────────────────────────────────
01:31:23 | INFO     | ingestion.ingest_macro_indicators:365 - Macro Indicators Ingestion starting [DRY RUN]
01:31:24 | INFO     | ingestion.ingest_macro_indicators:373 -   RBI DBIE: 5 indicators
01:31:28 | INFO     | ingestion.ingest_macro_indicators:381 -   MOSPI: 2 indicators
01:31:28 | INFO     | ingestion.ingest_macro_indicators:391 -   Yahoo US_10YR_YIELD: 4.378
01:31:28 | INFO     | ingestion.ingest_macro_indicators:391 -   Yahoo SILVER_PRICE: 76.03
01:31:29 | INFO     | ingestion.ingest_macro_indicators:399 -   India VIX: 18.46
01:31:30 | INFO     | ingestion.ingest_macro_indicators:220 -   Nifty PCR: zero OI detected (market closed) — using last stored value
01:31:31 | WARNING  | ingestion.ingest_macro_indicators:269 -   Nifty PCR: no cached value found — using neutral default 1.0
01:31:31 | INFO     | ingestion.ingest_macro_indicators:408 -   Nifty PCR: 1.0 (source=DEFAULT_NEUTRAL)
01:31:32 | INFO     | ingestion.ingest_macro_indicators:418 -   ET RSS CPI/WPI: 2 indicators
01:31:32 | INFO     | ingestion.ingest_macro_indicators:332 - [DRY RUN] Would write 13 macro_indicators rows:
01:31:32 | INFO     | ingestion.ingest_macro_indicators:334 -   REPO_RATE: 6.0 (WIKIPEDIA_RBI)
01:31:32 | INFO     | ingestion.ingest_macro_indicators:334 -   REV_REPO: 3.35 (WIKIPEDIA_RBI)
01:31:32 | INFO     | ingestion.ingest_macro_indicators:334 -   CRR: 4.0 (WIKIPEDIA_RBI)
01:31:32 | INFO     | ingestion.ingest_macro_indicators:334 -   SLR: 18.0 (WIKIPEDIA_RBI)
01:31:32 | INFO     | ingestion.ingest_macro_indicators:334 -   MSF_RATE: 6.25 (WIKIPEDIA_RBI)
01:31:32 | INFO     | ingestion.ingest_macro_indicators:334 -   GDP_YOY: 7.8 (TRADING_ECONOMICS)
01:31:32 | INFO     | ingestion.ingest_macro_indicators:334 -   IIP_YOY: 4.1 (TRADING_ECONOMICS)
01:31:32 | INFO     | ingestion.ingest_macro_indicators:334 -   US_10YR_YIELD: 4.378 (YAHOO_FINANCE)
01:31:32 | SUCCESS  | ingestion.ingest_macro_indicators:424 - Macro Indicators done: 13 fetched → 13 written
01:31:32 | INFO     | __main__:29 - ✓ 02_macro_indicators done in 9.1s
01:31:32 | INFO     | __main__:22 - 
────────────────────────────────────────────────────────────
01:31:32 | INFO     | __main__:23 -   03_global_cues
01:31:32 | INFO     | __main__:24 - ────────────────────────────────────────────────────────────
01:31:32 | INFO     | ingestion.ingest_global_cues:100 - Global Cues Ingestion — EVENING
01:31:33 | SUCCESS  | ingestion.ingest_global_cues:228 - [EVENING] Global cues saved: Gift=23997.55 | USD/INR=94.88 | Crude=108.51 | DOW=49499.02 (-0.92%) | S&P=7230.12 | Gap=FLAT -0.00% | Bias=MIXED
01:31:33 | INFO     | __main__:29 - ✓ 03_global_cues done in 1.3s
01:31:33 | INFO     | __main__:22 - 
────────────────────────────────────────────────────────────
01:31:33 | INFO     | __main__:23 -   04_fetch_chartink
01:31:33 | INFO     | __main__:24 - ────────────────────────────────────────────────────────────
01:31:49 | INFO     | ingestion.fetch_chartink:76 - Navigating to Chartink login...
01:31:52 | INFO     | ingestion.fetch_chartink:82 - ✓ Login submitted
01:31:52 | INFO     | ingestion.fetch_chartink:85 - Navigating to Swing dashboard...
01:31:54 | INFO     | ingestion.fetch_chartink:87 - Waiting for widgets to render...
01:32:04 | WARNING  | ingestion.fetch_chartink:108 - 4 widgets failed to load — retrying page...
01:32:24 | INFO     | ingestion.fetch_chartink:128 - Widget box: {'x': 928, 'y': 533, 'width': 441, 'height': 334}
01:32:25 | INFO     | ingestion.fetch_chartink:133 - Widget box after scroll: {'x': 928, 'y': 281, 'width': 441, 'height': 334}
01:32:25 | INFO     | ingestion.fetch_chartink:141 - Moving mouse: neutral → title (988,296) → CSV (1319,296)
01:32:30 | INFO     | ingestion.fetch_chartink:150 - Clicking CSV button...
01:32:30 | INFO     | ingestion.fetch_chartink:156 - ✓ CSV downloaded: 500 rows
01:32:31 | INFO     | ingestion.fetch_chartink:177 - Writing 500 rows to 'Chartink Raw Data_Nifty 500'...
01:32:34 | INFO     | ingestion.fetch_chartink:193 - ✓ Written to 'Chartink Raw Data_Nifty 500': 500 rows, 51 columns
01:32:34 | INFO     | ingestion.fetch_chartink:199 - Upserting 500 rows to Supabase chartink_raw_data...
01:32:36 | INFO     | ingestion.fetch_chartink:265 - ✓ Upserted to chartink_raw_data: 500 rows
01:32:36 | INFO     | __main__:29 - ✓ 04_fetch_chartink done in 62.5s
01:32:36 | INFO     | __main__:22 - 
────────────────────────────────────────────────────────────
01:32:36 | INFO     | __main__:23 -   05_ingest_bhavcopy
01:32:36 | INFO     | __main__:24 - ────────────────────────────────────────────────────────────
01:32:36 | INFO     | ingestion.ingest_bhavcopy:523 - ════════════════════════════════════════════════════════════
01:32:36 | INFO     | ingestion.ingest_bhavcopy:524 -   STEP: Ingest Bhavcopy (NSE primary + BSE fallback)
01:32:36 | INFO     | ingestion.ingest_bhavcopy:525 - ════════════════════════════════════════════════════════════
01:32:36 | INFO     | ingestion.ingest_bhavcopy:115 -   2026-05-01 is an NSE holiday — stepping back
01:32:36 | INFO     | ingestion.ingest_bhavcopy:530 - Trade date: 2026-04-30
01:32:38 | INFO     | ingestion.ingest_bhavcopy:163 - [NSE] Fetching: https://archives.nseindia.com/products/content/sec_bhavdata_full_30042026.csv
01:32:38 | INFO     | ingestion.ingest_bhavcopy:215 - [NSE] ✓ 2455 EQ records | delivery coverage: 2455 stocks
01:32:38 | INFO     | ingestion.ingest_bhavcopy:220 - [NSE] value_cr sample: [0.9551999999999999, 0.0027, 105.366, 1.9879, 0.3859]
01:32:38 | INFO     | ingestion.ingest_bhavcopy:221 - [NSE] value_cr nulls: 0 / 2455
01:32:38 | INFO     | ingestion.ingest_bhavcopy:426 - [DRY RUN] Would upsert 2455 rows to raw_prices
01:32:38 | INFO     | ingestion.ingest_bhavcopy:412 - [UNIVERSE] Chartink symbols: 500
01:32:38 | INFO     | ingestion.ingest_bhavcopy:632 - [UNIVERSE] stock_data_daily filtered: 2455 → 499 rows (500 chartink symbols)
01:32:38 | INFO     | ingestion.ingest_bhavcopy:485 - [DRY RUN] Would upsert 499 rows to stock_data_daily (columns: ['date', 'symbol', 'value_cr', 'delivery_pct', 'delivery_qty'])
01:32:38 | SUCCESS  | ingestion.ingest_bhavcopy:657 - ✓ Bhavcopy (NSE): 2455 rows → raw_prices | 499 rows → stock_data_daily in 1.9s | date=2026-04-30 | delivery coverage: 2455 stocks
01:32:38 | INFO     | __main__:29 - ✓ 05_ingest_bhavcopy done in 2.0s
01:32:38 | INFO     | __main__:22 - 
────────────────────────────────────────────────────────────
01:32:38 | INFO     | __main__:23 -   06_ingest_sheets
01:32:38 | INFO     | __main__:24 - ────────────────────────────────────────────────────────────
01:32:38 | INFO     | ingestion.ingest_sheets:736 - ============================================================
01:32:38 | INFO     | ingestion.ingest_sheets:737 - STEP 1: Google Sheets Ingestion
01:32:38 | INFO     | ingestion.ingest_sheets:738 - ============================================================
01:32:38 | INFO     | ingestion.ingest_sheets:673 - Ingesting strategy configs...
01:33:12 | INFO     | ingestion.ingest_sheets:725 - ✓ STRATEGY_CONFIG: 4 strategies loaded
01:33:12 | INFO     | ingestion.ingest_sheets:155 - Ingesting MASTER_SHORTLIST...
01:33:12 | INFO     | ingestion.ingest_sheets:232 - [DRY RUN] Would upsert 28 MSL rows
01:33:12 | INFO     | ingestion.ingest_sheets:260 - Ingesting OPEN_POSITIONS...
01:33:13 | INFO     | ingestion.ingest_sheets:311 - [DRY RUN] Would sync 0 open positions
01:33:13 | INFO     | ingestion.ingest_sheets:394 - Ingesting CLOSED_POSITIONS...
01:33:16 | INFO     | ingestion.ingest_sheets:434 - [DRY RUN] Would upsert 69 closed positions
01:33:16 | INFO     | ingestion.ingest_sheets:446 - Ingesting SECTOR_STRENGTH...
01:33:16 | INFO     | ingestion.ingest_sheets:473 - [DRY RUN] Would upsert 23 sector rows
01:33:16 | INFO     | ingestion.ingest_sheets:481 - Ingesting INDUSTRY_STRENGTH...
01:33:17 | INFO     | ingestion.ingest_sheets:509 - [DRY RUN] Would upsert 22 industry rows
01:33:17 | INFO     | ingestion.ingest_sheets:565 - Ingesting EVENT_CALENDAR...
01:33:17 | INFO     | ingestion.ingest_sheets:595 - [DRY RUN] Would upsert 53 events
01:33:17 | INFO     | ingestion.ingest_sheets:604 - Ingesting LESSONS_LEARNED...
01:33:18 | INFO     | ingestion.ingest_sheets:638 - [DRY RUN] Would upsert 12 lessons
01:33:18 | INFO     | ingestion.ingest_sheets:652 - Ingesting NSE_HOLIDAYS...
01:33:19 | INFO     | ingestion.ingest_sheets:667 - ✓ NSE_HOLIDAYS: 25 holidays
01:33:19 | INFO     | ingestion.ingest_sheets:764 - 
✓ Ingestion complete: 236 total rows across 9 tables
01:33:19 | INFO     | __main__:29 - ✓ 06_ingest_sheets done in 41.0s
01:33:19 | INFO     | __main__:22 - 
────────────────────────────────────────────────────────────
01:33:19 | INFO     | __main__:23 -   07_fii_dii
01:33:19 | INFO     | __main__:24 - ────────────────────────────────────────────────────────────
01:33:19 | INFO     | ingestion.ingest_fii_dii:149 - FII/DII Ingestion starting
01:33:20 | SUCCESS  | ingestion.ingest_fii_dii:169 - FII/DII saved: net=-8048Cr, flag=CAUTION
01:33:20 | INFO     | __main__:29 - ✓ 07_fii_dii done in 1.4s
01:33:20 | INFO     | __main__:22 - 
────────────────────────────────────────────────────────────
01:33:20 | INFO     | __main__:23 -   08_nse_events
01:33:20 | INFO     | __main__:24 - ────────────────────────────────────────────────────────────
01:33:20 | INFO     | ingestion.ingest_nse_events:87 - NSE Events Ingestion starting
01:33:21 | INFO     | ingestion.ingest_nse_events:101 - Fetched 344 raw events from NSE
01:33:21 | INFO     | ingestion.ingest_nse_events:123 -   Deduped: 344 → 338 events
01:33:22 | SUCCESS  | ingestion.ingest_nse_events:132 - NSE events saved: 338 events (next 90 days, 6 dupes dropped)
01:33:22 | INFO     | __main__:29 - ✓ 08_nse_events done in 1.4s
01:33:22 | INFO     | __main__:22 - 
────────────────────────────────────────────────────────────
01:33:22 | INFO     | __main__:23 -   09_asm_gsm
01:33:22 | INFO     | __main__:24 - ────────────────────────────────────────────────────────────
01:33:22 | INFO     | ingestion.ingest_asm_gsm:233 - Safety Lists Ingestion starting [DRY RUN]
01:33:24 | INFO     | ingestion.ingest_asm_gsm:243 - ASM: 259 | GSM: 52 | F&O Ban: 0
01:33:24 | INFO     | ingestion.ingest_asm_gsm:250 - [DRY RUN] Would write 311 safety list rows
01:33:24 | INFO     | ingestion.ingest_asm_gsm:252 -   ASM: AARTECH (stage=Stage I, listed_date=2026-05-01, ingested_at=2026-05-01T20:03:24.490659+00:00)
01:33:24 | INFO     | ingestion.ingest_asm_gsm:252 -   ASM: ADL (stage=Stage I, listed_date=2026-05-01, ingested_at=2026-05-01T20:03:24.490659+00:00)
01:33:24 | INFO     | ingestion.ingest_asm_gsm:252 -   ASM: AERONEU (stage=Stage I, listed_date=2026-05-01, ingested_at=2026-05-01T20:03:24.490659+00:00)
01:33:24 | INFO     | ingestion.ingest_asm_gsm:252 -   ASM: AGNI (stage=Stage I, listed_date=2026-05-01, ingested_at=2026-05-01T20:03:24.490659+00:00)
01:33:24 | INFO     | ingestion.ingest_asm_gsm:252 -   ASM: AIRAN (stage=Stage I, listed_date=2026-05-01, ingested_at=2026-05-01T20:03:24.490659+00:00)
01:33:24 | INFO     | __main__:29 - ✓ 09_asm_gsm done in 2.7s
01:33:24 | INFO     | __main__:22 - 
────────────────────────────────────────────────────────────
01:33:24 | INFO     | __main__:23 -   10_compute_regime
01:33:24 | INFO     | __main__:24 - ────────────────────────────────────────────────────────────
01:33:25 | INFO     | compute.compute_regime:1250 - =================================================================
01:33:25 | INFO     | compute.compute_regime:1251 - STEP: Compute Regime v2.0 | 2026-05-02 | mode=FULL [DRY RUN]
01:33:25 | INFO     | compute.compute_regime:1253 - =================================================================
01:33:25 | INFO     | compute.compute_regime:110 -   stock_data_daily last trading date: 2026-04-30
01:33:25 | INFO     | compute.compute_regime:140 -   2026-05-02 is non-trading — effective date is 2026-04-30
01:33:25 | INFO     | compute.compute_regime:1261 -   Non-trading day — computing for last trading date: 2026-04-30
01:33:25 | INFO     | compute.compute_regime:1264 - Pass 1: loading data...
01:33:26 | INFO     | compute.compute_regime:290 -   BankNifty: price=54863.3515625 | weekly_rsi=40.52 | Nifty weekly_rsi=41.27
01:33:26 | INFO     | compute.compute_regime:377 -   VIX: current=18.46 | rows_fetched=6 | vix_5d_delta=0.08 | ✓ delta computed
01:33:26 | INFO     | compute.compute_regime:412 -   GIFT Nifty=23997.55 | prev_close=24177.650390625 | premium=-0.74%
01:33:26 | INFO     | compute.compute_regime:465 -   DB fallback from: 2026-04-30
01:33:26 | INFO     | compute.compute_regime:499 -   Loaded: regime_history=10 days | VIX=18.46 (macro_indicators) | FII flag=CAUTION | Nifty=23997.55078125 | above200dma=46.72%
01:33:26 | INFO     | compute.compute_regime:1277 - Pass 2: scoring pillars...
01:33:26 | INFO     | compute.compute_regime:1300 -   Pillar scores:
01:33:26 | INFO     | compute.compute_regime:1301 -     Price structure:    1.0/25
01:33:26 | INFO     | compute.compute_regime:1302 -     Breadth:           21.0/25
01:33:26 | INFO     | compute.compute_regime:1303 -     Momentum:           5.0/20
01:33:26 | INFO     | compute.compute_regime:1304 -     Volatility/VIX:     5.0/15  (VIX=18.46, Δ5d=+0.08)
01:33:26 | INFO     | compute.compute_regime:1306 -     FII flows:          3.0/15
01:33:26 | INFO     | compute.compute_regime:1307 -     Global modifier:   +1.0/±5  (S&P500 5d=+0.9%)
01:33:26 | INFO     | compute.compute_regime:1309 -     ─────────────────────────────────────
01:33:26 | INFO     | compute.compute_regime:1310 -     TOTAL:             36.0/100
01:33:26 | INFO     | compute.compute_regime:1318 -   RECOVERING conditions met — breadth improving, VIX declining, Nifty bouncing
01:33:26 | INFO     | compute.compute_regime:1320 - Pass 3: applying hysteresis...
01:33:26 | INFO     | compute.compute_regime:1328 -   Computed: NEUTRAL | Score: 36.0/100 | ✅ AGREE
01:33:26 | INFO     | compute.compute_regime:1342 - Pass 4: writing (full mode)...
01:33:26 | INFO     | compute.compute_regime:1154 - [DRY RUN] regime=NEUTRAL score=36.0 mode=full
01:33:26 | INFO     | compute.compute_regime:1155 -   Would write: nifty=23997.55078125 vix=18.46 above200=46.72
01:33:26 | INFO     | __main__:29 - ✓ 10_compute_regime done in 1.8s
01:33:26 | INFO     | __main__:22 - 
────────────────────────────────────────────────────────────
01:33:26 | INFO     | __main__:23 -   11_regime_predict
01:33:26 | INFO     | __main__:24 - ────────────────────────────────────────────────────────────
01:33:28 | INFO     | __main__:29 - ✓ 11_regime_predict done in 1.9s
01:33:28 | INFO     | __main__:22 - 
────────────────────────────────────────────────────────────
01:33:28 | INFO     | __main__:23 -   12_compute_indicators
01:33:28 | INFO     | __main__:24 - ────────────────────────────────────────────────────────────
01:33:28 | INFO     | compute.compute_indicators:939 - compute_indicators v2.2 — 2026-05-02 — COMPUTE_ONLY [DRY RUN]
01:33:28 | INFO     | compute.compute_indicators:919 -   Resolved trading date: 2026-05-02 → 2026-04-30
01:33:28 | INFO     | compute.compute_indicators:952 - Pass 1: bulk data fetch...
01:33:28 | INFO     | compute.compute_indicators:402 -   chartink_raw_data: 500 rows
01:33:28 | INFO     | compute.compute_indicators:194 -   fetch_bulk_history_yf: checking price_history_yf cache (500 symbols)...
01:33:30 | INFO     | compute.compute_indicators:240 -   price_history_yf: 0 have base | 0 tail-refresh | 500 full fetch
01:33:30 | INFO     | compute.compute_indicators:272 -   yfinance: 500 full + 0 tail fetches...
01:33:49 | INFO     | compute.compute_indicators:388 -   fetch_bulk_history_yf: 500 symbols | 154116 total sessions | 500 fetched from yfinance
01:33:49 | INFO     | compute.compute_indicators:438 -   Upcoming events: 343 symbols with events in next 30d
01:33:49 | INFO     | compute.compute_indicators:462 -   MSL symbols: 44 in shortlist
01:33:49 | INFO     | compute.compute_indicators:486 -   Index membership: 600 symbols mapped
01:33:50 | INFO     | compute.compute_indicators:524 -   raw_prices: 499 symbols with delivery/value data
01:33:50 | INFO     | compute.compute_indicators:968 -   Nifty 1M return: 3.8203%
01:33:50 | INFO     | compute.compute_indicators:975 - Pass 2: computing and reconciling...
01:33:50 | INFO     | compute.compute_indicators:1026 - =================================================================
01:33:50 | INFO     | compute.compute_indicators:1027 - COMPUTE INDICATORS SUMMARY — 2026-04-30 — COMPUTE_ONLY
01:33:50 | INFO     | compute.compute_indicators:1028 -   Symbols: 500 processed | 0 skipped
01:33:50 | INFO     | compute.compute_indicators:1052 - =================================================================
01:33:50 | INFO     | compute.compute_indicators:1058 - [DRY RUN] Sample ASAHIINDIA: always=None, match=None, only=None, diverged=None
01:33:50 | INFO     | __main__:29 - ✓ 12_compute_indicators done in 21.6s
01:33:50 | INFO     | __main__:22 - 
────────────────────────────────────────────────────────────
01:33:50 | INFO     | __main__:23 -   13_screen_stocks
01:33:50 | INFO     | __main__:24 - ────────────────────────────────────────────────────────────
01:33:50 | INFO     | signals.screen_stocks:1518 - =================================================================
01:33:50 | INFO     | signals.screen_stocks:1519 - STEP: Screen Stocks v1.1 | 2026-05-02 | mode=FULL [DRY RUN]
01:33:50 | INFO     | signals.screen_stocks:1521 - =================================================================
01:33:50 | INFO     | signals.screen_stocks:1523 - Pass 1: loading data...
01:33:50 | WARNING  | signals.screen_stocks:141 - stock_data_daily: falling back to 2026-04-30
01:33:50 | INFO     | signals.screen_stocks:188 -   Loaded: 499 stocks | 24 sectors | regime=NEUTRAL | asm=311 | fii=CAUTION | forced=0
01:33:50 | INFO     | signals.screen_stocks:1555 - Pass 2: running engines (regime=NEUTRAL)...
01:33:50 | INFO     | signals.screen_stocks:318 -   CTL: 0 candidates
01:33:50 | INFO     | signals.screen_stocks:399 -   SBS: 0 candidates
01:33:50 | INFO     | signals.screen_stocks:479 -   TPO: 0 candidates
01:33:50 | INFO     | signals.screen_stocks:556 -   VBD: 0 candidates
01:33:50 | INFO     | signals.screen_stocks:621 -   IAD: 0 candidates
01:33:50 | INFO     | signals.screen_stocks:675 -   RSB: 0 candidates
01:33:50 | INFO     | signals.screen_stocks:778 -   MOM: 0 candidates
01:33:50 | INFO     | signals.screen_stocks:893 -   RVS: 0 candidates
01:33:50 | INFO     | signals.screen_stocks:969 -   SEC: 0 candidates
01:33:50 | INFO     | signals.screen_stocks:1584 -   Engine totals: CTL=0 SBS=0 TPO=0 VBD=0 IAD=0 RSB=0 MOM=0 RVS=0 SEC=0 | Total unique=0
01:33:50 | INFO     | signals.screen_stocks:1592 - Pass 3: aggregating and ranking...
01:33:50 | INFO     | signals.screen_stocks:1016 -   Regime weights (NEUTRAL):  (all 1.0x)
01:33:50 | INFO     | signals.screen_stocks:1132 -   Aggregated: 0 total unique | 0 after hard filters | 0 final
01:33:50 | ERROR    | signals.screen_stocks:1602 - No candidates survived selection
01:33:50 | INFO     | __main__:29 - ✓ 13_screen_stocks done in 0.5s
01:33:50 | INFO     | __main__:22 - 
────────────────────────────────────────────────────────────
01:33:50 | INFO     | __main__:23 -   14_compute_msl
01:33:50 | INFO     | __main__:24 - ────────────────────────────────────────────────────────────
01:33:50 | INFO     | compute.compute_msl:2432 - ======================================================================
01:33:50 | INFO     | compute.compute_msl:2433 - STEP [14]: Compute MSL v3.0 | 2026-05-02 | mode=FULL [DRY RUN]
01:33:50 | INFO     | compute.compute_msl:2437 - ======================================================================
01:33:50 | INFO     | compute.compute_msl:2439 - Pass 1: loading data (9 bulk queries)...
01:33:50 | WARNING  | compute.compute_msl:303 -   master_shortlist: falling back to 2026-05-01
01:33:50 | INFO     | compute.compute_msl:307 -   Source table: master_shortlist (44 symbols)
01:33:50 | WARNING  | compute.compute_msl:367 -   stock_data_daily: falling back to 2026-04-30
01:33:51 | WARNING  | compute.compute_msl:512 -   sector_strength: falling back to 2026-05-01
01:33:51 | INFO     | compute.compute_msl:652 -   Loaded: 44 symbols | 44 stock_data | 493 history | 24 sectors | regime=NEUTRAL | 0 open positions | blocked=0 | FII=SELLING | news B:1/b:21
01:33:51 | ERROR    | compute.compute_msl:458 - ============================================================
01:33:51 | ERROR    | compute.compute_msl:459 - UPSTREAM DATA MISSING — COMPUTE RESULTS WILL BE WRONG
01:33:51 | ERROR    | compute.compute_msl:460 - ============================================================
01:33:51 | ERROR    | compute.compute_msl:462 -   CRITICAL: 'adx' only 0.0% populated in stock_data_daily — run compute_indicators.py first
01:33:51 | ERROR    | compute.compute_msl:462 -   CRITICAL: 'rsi_daily' only 0.0% populated in stock_data_daily — run compute_indicators.py first
01:33:51 | ERROR    | compute.compute_msl:462 -   CRITICAL: 'above_sma50' only 0.0% populated in stock_data_daily — run compute_indicators.py first
01:33:51 | ERROR    | compute.compute_msl:462 -   CRITICAL: 'above_st' only 0.0% populated in stock_data_daily — run compute_indicators.py first
01:33:51 | ERROR    | compute.compute_msl:462 -   CRITICAL: 'sma50_gt_200' only 0.0% populated in stock_data_daily — run compute_indicators.py first
01:33:51 | ERROR    | compute.compute_msl:466 - ============================================================
01:33:51 | WARNING  | compute.compute_msl:469 - Upstream field coverage warnings:
01:33:51 | WARNING  | compute.compute_msl:471 -   WARNING:  'ema_20' only 0.0% populated in stock_data_daily — run compute_indicators.py to improve signal quality
01:33:51 | WARNING  | compute.compute_msl:471 -   WARNING:  'supertrend' only 0.0% populated in stock_data_daily — run compute_indicators.py to improve signal quality
01:33:51 | WARNING  | compute.compute_msl:471 -   WARNING:  'ha_close' only 0.0% populated in stock_data_daily — run compute_indicators.py to improve signal quality
01:33:51 | WARNING  | compute.compute_msl:471 -   WARNING:  'vwap_20d' only 0.0% populated in stock_data_daily — run compute_indicators.py to improve signal quality
01:33:51 | WARNING  | compute.compute_msl:471 -   WARNING:  'macd_hist' only 0.0% populated in stock_data_daily — run compute_indicators.py to improve signal quality
01:33:51 | WARNING  | compute.compute_msl:471 -   WARNING:  'bb_upper' only 0.0% populated in stock_data_daily — run compute_indicators.py to improve signal quality
01:33:51 | WARNING  | compute.compute_msl:471 -   WARNING:  'psar' only 0.0% populated in stock_data_daily — run compute_indicators.py to improve signal quality
01:33:51 | WARNING  | compute.compute_msl:471 -   WARNING:  'rs_vs_nifty' only 0.0% populated in stock_data_daily — run compute_indicators.py to improve signal quality
01:33:51 | WARNING  | compute.compute_msl:471 -   WARNING:  'atr_pct' only 0.0% populated in stock_data_daily — run compute_indicators.py to improve signal quality
01:33:51 | WARNING  | compute.compute_msl:471 -   WARNING:  'high_52w' only 0.0% populated in stock_data_daily — run compute_indicators.py to improve signal quality
01:33:51 | WARNING  | compute.compute_msl:471 -   WARNING:  'high_30d' only 0.0% populated in stock_data_daily — run compute_indicators.py to improve signal quality
01:33:51 | WARNING  | compute.compute_msl:471 -   WARNING:  'consol_range' only 0.0% populated in stock_data_daily — run compute_indicators.py to improve signal quality
01:33:51 | WARNING  | compute.compute_msl:471 -   WARNING:  'wk_hi_high' only 0.0% populated in stock_data_daily — run compute_indicators.py to improve signal quality
01:33:51 | WARNING  | compute.compute_msl:471 -   WARNING:  'wk_hi_low' only 0.0% populated in stock_data_daily — run compute_indicators.py to improve signal quality
01:33:51 | ERROR    | compute.compute_msl:2453 -   ABORT: 'adx' is only 0.0% populated — upstream script has not run. Fix pipeline order and retry.
01:33:51 | ERROR    | compute.compute_msl:2453 -   ABORT: 'rsi_daily' is only 0.0% populated — upstream script has not run. Fix pipeline order and retry.
01:33:51 | ERROR    | compute.compute_msl:2453 -   ABORT: 'above_sma50' is only 0.0% populated — upstream script has not run. Fix pipeline order and retry.
01:33:51 | ERROR    | compute.compute_msl:2453 -   ABORT: 'above_st' is only 0.0% populated — upstream script has not run. Fix pipeline order and retry.
01:33:51 | ERROR    | compute.compute_msl:2453 -   ABORT: 'sma50_gt_200' is only 0.0% populated — upstream script has not run. Fix pipeline order and retry.
01:33:51 | INFO     | __main__:29 - ✓ 14_compute_msl done in 0.7s
01:33:51 | INFO     | __main__:22 - 
────────────────────────────────────────────────────────────
01:33:51 | INFO     | __main__:23 -   15_signals
01:33:51 | INFO     | __main__:24 - ────────────────────────────────────────────────────────────
01:33:51 | INFO     | signals.generate_signals:1044 - ============================================================
01:33:51 | INFO     | signals.generate_signals:1045 - STEP [15]: Generate Signals v4
01:33:51 | INFO     | signals.generate_signals:1046 - ============================================================
01:33:51 | INFO     | signals.generate_signals:209 - No stock_data_daily for 2026-05-02 — using last trading day 2026-04-30
01:33:51 | WARNING  | signals.generate_signals:220 - No MSL for 2026-05-02 — using last available date 2026-05-01 (44 rows)
01:33:52 | INFO     | signals.generate_signals:250 -   MSL rows loaded: 44 | compute_source: {'ingest_sheets': 28, 'screen_stocks': 16}
01:33:52 | INFO     | signals.generate_signals:1055 - Signal breakdown:   {'WATCH': 11, 'BLOCKED_ASM': 1}
01:33:52 | INFO     | signals.generate_signals:1056 - Subtype breakdown:  {}
01:33:52 | INFO     | signals.generate_signals:1067 -   BUY CANDIDATES:  0 (PRIME: 0 | REENTRY: 0)
01:33:52 | INFO     | signals.generate_signals:1068 -   EXIT signals:    0
01:33:52 | INFO     | signals.generate_signals:1069 -   REDUCE signals:  0
01:33:52 | INFO     | signals.generate_signals:1070 -   DECEL HOLDs:     0
01:33:52 | INFO     | signals.generate_signals:1071 -   REGIME WARNS:    0
01:33:52 | INFO     | signals.generate_signals:1075 -   WATCH signals (11) by filter reason:
01:33:52 | INFO     | signals.generate_signals:1079 -     target_already_reached: 6 — e.g. CUMMINSIND, ABB, BHEL, LLOYDSME
01:33:52 | INFO     | signals.generate_signals:1079 -     insufficient_rr_0.16x: 1 — e.g. HINDALCO
01:33:52 | INFO     | signals.generate_signals:1079 -     insufficient_rr_0.09x: 1 — e.g. BHARATFORG
01:33:52 | INFO     | signals.generate_signals:1079 -     exit_lifecycle_no_entry: 1 — e.g. KIRLOSENG
01:33:52 | INFO     | signals.generate_signals:1079 -     chase_3.4atrs_limit_1.3: 1 — e.g. ADANIPOWER
01:33:52 | INFO     | signals.generate_signals:1079 -     chase_4.2atrs_limit_3.3: 1 — e.g. WELCORP
01:33:52 | INFO     | signals.generate_signals:1090 -   [v4] R:R blocks:        2
01:33:52 | INFO     | signals.generate_signals:1091 -   [v4] ATR chase blocks:  3
01:33:52 | INFO     | signals.generate_signals:1092 -   [v4] Breakdowns:        0
01:33:52 | INFO     | signals.generate_signals:1093 -   [v4] Valid pullbacks:   0
01:33:52 | INFO     | signals.generate_signals:1094 -   [v4] Target reached:   6
01:33:52 | INFO     | signals.generate_signals:1095 -   [v4] Adj score floor:  0
01:33:52 | INFO     | signals.generate_signals:1096 -   [v4] Supertrend exits: 0
01:33:52 | INFO     | signals.generate_signals:1108 -   Market context: VIX=18.46 Nifty5d=-0.73 Breadth=46.72% FII20d=-51321.83
01:33:52 | INFO     | signals.generate_signals:1027 - [DRY RUN] Would write 12 signals
01:33:52 | INFO     | __main__:29 - ✓ 15_signals done in 1.1s
01:33:52 | INFO     | __main__:22 - 
────────────────────────────────────────────────────────────
01:33:52 | INFO     | __main__:23 -   16_history
01:33:52 | INFO     | __main__:24 - ────────────────────────────────────────────────────────────
01:33:52 | INFO     | history.append_history:33 - STEP: Append MSL + Regime History Snapshot
01:33:52 | WARNING  | history.append_history:52 - No MSL rows for today — skipping history
01:33:52 | INFO     | __main__:29 - ✓ 16_history done in 0.2s
01:33:52 | INFO     | __main__:22 - 
────────────────────────────────────────────────────────────
01:33:52 | INFO     | __main__:23 -   17_post_trade
01:33:52 | INFO     | __main__:24 - ────────────────────────────────────────────────────────────
01:33:52 | INFO     | ai.post_trade_analysis:1070 - No recent closed trades to analyze
01:33:52 | INFO     | __main__:29 - ✓ 17_post_trade done in 0.1s
01:33:52 | INFO     | __main__:22 - 
────────────────────────────────────────────────────────────
01:33:52 | INFO     | __main__:23 -   18_ai_market_intel
01:33:52 | INFO     | __main__:24 - ────────────────────────────────────────────────────────────
01:33:52 | INFO     | ai.market_intelligence_engine:743 - ============================================================
01:33:52 | INFO     | ai.market_intelligence_engine:744 - STEP 18: AI Market Intelligence [DRY RUN]
01:33:52 | INFO     | ai.market_intelligence_engine:745 - ============================================================
01:33:52 | INFO     | ai.market_intelligence_engine:750 - Today: 2026-05-02 | Last trading day: 2026-04-30
01:33:52 | INFO     | ai.market_intelligence_engine:753 - Pass 1: building market context...
01:33:53 | INFO     | ai.market_intelligence_engine:755 -   0 signal candidates | 0 news | 24 sectors | 10 macro indicators | 5 historical echoes
01:33:53 | INFO     | ai.market_intelligence_engine:787 - [DRY RUN] Prompt: 14248 chars
01:33:53 | INFO     | ai.market_intelligence_engine:788 - [DRY RUN] Candidates: []
01:33:53 | INFO     | __main__:29 - ✓ 18_ai_market_intel done in 0.5s
01:33:53 | INFO     | __main__:22 - 
────────────────────────────────────────────────────────────
01:33:53 | INFO     | __main__:23 -   19_ai_decision_engine
01:33:53 | INFO     | __main__:24 - ────────────────────────────────────────────────────────────
01:33:53 | INFO     | ai.ai_decision_engine:727 - ============================================================
01:33:53 | INFO     | ai.ai_decision_engine:728 - STEP 19: AI Decision Engine [DRY RUN]
01:33:53 | INFO     | ai.ai_decision_engine:729 - ============================================================
01:33:53 | INFO     | ai.ai_decision_engine:735 - Loading context...
01:33:53 | WARNING  | ai.ai_decision_engine:147 - No gate-passed signals found for 2026-05-02
01:33:53 | WARNING  | ai.ai_decision_engine:739 - No candidates available — step 19 skipped
01:33:53 | INFO     | __main__:29 - ✓ 19_ai_decision_engine done in 0.2s
01:33:53 | INFO     | __main__:22 - 
────────────────────────────────────────────────────────────
01:33:53 | INFO     | __main__:23 -   20_alerts
01:33:53 | INFO     | __main__:24 - ────────────────────────────────────────────────────────────
01:33:53 | INFO     | alerts.send_alerts:710 - send_alerts.py invoked | argv=['run_pipeline.py'] | pid=24388
01:33:54 | SUCCESS  | alerts.send_alerts:747 - Telegram (structured) sent: 0 advance notice · 0 buys · 0 exits · 0 adds · 0 open positions
01:33:54 | INFO     | __main__:29 - ✓ 20_alerts done in 1.0s
01:33:54 | INFO     | __main__:22 - 
────────────────────────────────────────────────────────────
01:33:54 | INFO     | __main__:23 -   21_quality_check
01:33:54 | INFO     | __main__:24 - ────────────────────────────────────────────────────────────
01:33:54 | INFO     | compute.data_quality_monitor:808 - data_quality_monitor v3: 17 checks | 5-state regime | today=2026-05-02 | LTD=2026-04-30
01:33:54 | INFO     | compute.data_quality_monitor:842 -   🔴 C01_chartink_row_count: chartink_raw_data: 0 rows (expected 450–510)
01:33:54 | INFO     | compute.data_quality_monitor:842 -   ✅ C02_rsi_range: 0 stocks with RSI outside 0–100
01:33:54 | INFO     | compute.data_quality_monitor:842 -   ✅ C03_vol_ratio_cap: All vol_ratio values within cap
01:33:54 | INFO     | compute.data_quality_monitor:842 -   ✅ C04_delivery_pct_bounds: 0 stocks with delivery_pct outside 0–100
01:33:54 | INFO     | compute.data_quality_monitor:842 -   ✅ C05_signal_score_range: 0 signals with score outside 0–120
01:33:54 | WARNING  | compute.data_quality_monitor:844 - C06 threw exception: {'code': '42703', 'details': None, 'hint': None, 'message': 'column master_shortlist.score does not exist'}
01:33:55 | INFO     | compute.data_quality_monitor:842 -   🔴 C07_pipeline_completeness: 15/17 steps missing data: ['01_market_news', '02_macro_indicators', '03_global_cues', '04_fetch_char
01:33:55 | WARNING  | compute.data_quality_monitor:844 - C08 threw exception: {'code': '42703', 'details': None, 'hint': None, 'message': 'column ai_context.context_json does not exist'}
01:33:55 | INFO     | compute.data_quality_monitor:842 -   ✅ C09_regime_ml_vs_manual: No market_regime row today — ingest_sheets may not have run
01:33:55 | INFO     | compute.data_quality_monitor:842 -   ✅ C10_positions_vs_regime_cap: Open positions: 0/6 for NEUTRAL regime
01:33:55 | INFO     | compute.data_quality_monitor:842 -   🔴 C11_shortlist_validity: No __SHORTLIST__ in ai_context for 2026-04-30 — generate_shortlist failed or wrote wrong date
01:33:55 | INFO     | compute.data_quality_monitor:842 -   🔴 C12_market_intel_validity: __MARKET_INTEL__ issues — missing keys: ['top_3_candidates']; top_3_candidates is empty
01:33:55 | WARNING  | compute.data_quality_monitor:844 - C13 threw exception: {'code': '42703', 'details': None, 'hint': None, 'message': 'column ai_context.id does not exist'}
01:33:55 | WARNING  | compute.data_quality_monitor:844 - C14 threw exception: {'code': '42703', 'details': None, 'hint': None, 'message': 'column ai_context.context_json does not exist'}
01:33:55 | INFO     | compute.data_quality_monitor:842 -   ✅ C15_fii_regime_consistency: FII/regime/sizing consistent: regime=NEUTRAL, sizing=HALF, fii=CAUTION
01:33:55 | INFO     | compute.data_quality_monitor:842 -   ✅ C16_lesson_quality: All 6 AI:market_intel lessons well-formed
01:33:55 | INFO     | compute.data_quality_monitor:842 -   ⚠️ C17_signal_enrich_coverage: ai_enrich coverage: 5/14 signals enriched (36%) — below 50% threshold
01:33:55 | WARNING  | compute.data_quality_monitor:794 - Quality Telegram alert failed: cannot import name 'send_telegram_message' from 'alerts.send_alerts' (C:\Users\vkshu\CRITICAL\Equity Indian Market Framework\tradeos-v6-complete\tradeos-v6\backend\alerts\send_alerts.py)
01:33:55 | SUCCESS  | compute.data_quality_monitor:872 - Quality v3: ✅8 OK | ⚠️5 WARN | 🔴4 ERROR | 17 checks | LTD=2026-04-30
01:33:55 | INFO     | __main__:29 - ✓ 21_quality_check done in 1.2s
01:33:55 | INFO     | __main__:42 - 
════════════════════════════════════════════════════════════
01:33:55 | INFO     | __main__:43 -   TradeOS v6 Pipeline — 2026-05-02 IST
01:33:55 | INFO     | __main__:44 - ════════════════════════════════════════════════════════════
01:33:55 | INFO     | __main__:47 -   ✅ OK  01_market_news                      15.2s
01:33:55 | INFO     | __main__:47 -   ✅ OK  02_macro_indicators                 9.1s
01:33:55 | INFO     | __main__:47 -   ✅ OK  03_global_cues                      1.3s
01:33:55 | INFO     | __main__:47 -   ✅ OK  04_fetch_chartink                   62.5s
01:33:55 | INFO     | __main__:47 -   ✅ OK  05_ingest_bhavcopy                  2.0s
01:33:55 | INFO     | __main__:47 -   ✅ OK  06_ingest_sheets                    41.0s
01:33:55 | INFO     | __main__:47 -   ✅ OK  07_fii_dii                          1.4s
01:33:55 | INFO     | __main__:47 -   ✅ OK  08_nse_events                       1.4s
01:33:55 | INFO     | __main__:47 -   ✅ OK  09_asm_gsm                          2.7s
01:33:55 | INFO     | __main__:47 -   ✅ OK  10_compute_regime                   1.8s
01:33:55 | INFO     | __main__:47 -   ✅ OK  11_regime_predict                   1.9s
01:33:55 | INFO     | __main__:47 -   ✅ OK  12_compute_indicators               21.6s
01:33:55 | INFO     | __main__:47 -   ✅ OK  13_screen_stocks                    0.5s
01:33:55 | INFO     | __main__:47 -   ✅ OK  14_compute_msl                      0.7s
01:33:55 | INFO     | __main__:47 -   ✅ OK  15_signals                          1.1s
01:33:55 | INFO     | __main__:47 -   ✅ OK  16_history                          0.2s
01:33:55 | INFO     | __main__:47 -   ✅ OK  17_post_trade                       0.1s
01:33:55 | INFO     | __main__:47 -   ✅ OK  18_ai_market_intel                  0.5s
01:33:55 | INFO     | __main__:47 -   ✅ OK  19_ai_decision_engine               0.2s
01:33:55 | INFO     | __main__:47 -   ✅ OK  20_alerts                           1.0s
01:33:55 | INFO     | __main__:47 -   ✅ OK  21_quality_check                    1.2s
01:33:55 | INFO     | __main__:48 - ────────────────────────────────────────────────────────────
01:33:55 | INFO     | __main__:49 -   Total: 167.5s | ✅ 21 OK | ❌ 0 Failed
01:33:55 | INFO     | __main__:50 - ════════════════════════════════════════════════════════════

23:56:35 | INFO     | config:187 - TradeOS v6 config loaded | Capital=₹200,000 | DRY_RUN=False | Phase=2
23:56:35 | INFO     | __main__:1036 - ============================================================
23:56:35 | INFO     | __main__:1037 - STEP [15]: Generate Signals v5 — Dynamic Thresholds
23:56:35 | INFO     | __main__:1038 - ============================================================
23:56:35 | INFO     | __main__:748 -   Thresholds loaded: risk_block=80.0 holding_exit=30.0 min_rr=1.0 min_score_adj=45.0 prime_breakout_min=55.0
23:56:36 | INFO     | __main__:219 - stock_data_daily using last trading day 2026-04-30
23:56:36 | WARNING  | __main__:227 - MSL using last available date 2026-05-01 (44 rows)
23:56:36 | INFO     | __main__:253 -   MSL: 44 rows | compute_source: {'ingest_sheets': 28, 'screen_stocks': 16}
23:56:36 | INFO     | __main__:1046 - Signal breakdown:  {'WATCH': 11, 'BLOCKED_ASM': 1}
23:56:36 | INFO     | __main__:1047 - Subtype breakdown: {}
23:56:36 | INFO     | __main__:1057 -   BUY: 0 (PRIME:0 REENTRY:0)
23:56:36 | INFO     | __main__:1058 -   EXIT:0 REDUCE:0 WATCH:11 (near_miss:10)
23:56:36 | INFO     | __main__:1064 -     target_already_reached: 3 — CUMMINSIND, ABB, SAIL
23:56:36 | INFO     | __main__:1064 -     insufficient_rr_0.16x: 1 — HINDALCO
23:56:36 | INFO     | __main__:1064 -     insufficient_rr_0.09x: 1 — BHARATFORG
23:56:36 | INFO     | __main__:1064 -     exit_lifecycle_no_entry: 1 — KIRLOSENG
23:56:36 | INFO     | __main__:1064 -     chase_3.1atrs_limit_2.6: 1 — BHEL
23:56:36 | INFO     | __main__:1064 -     chase_2.8atrs_limit_2.6: 1 — LLOYDSME
23:56:36 | INFO     | __main__:1064 -     chase_3.4atrs_limit_1.3: 1 — ADANIPOWER
23:56:36 | INFO     | __main__:1064 -     chase_4.2atrs_limit_2.6: 1 — WELCORP
23:56:36 | INFO     | __main__:1064 -     chase_3.5atrs_limit_2.6: 1 — POWERINDIA
23:56:36 | INFO     | __main__:1074 -   💡 Near misses for step 19 upgrade evaluation:
23:56:36 | INFO     | __main__:1078 -     CUMMINSIND: target_reached — {'blocked_by': 'target_reached', 'target': 5243.916067500001, 'cp': 5269.8}
23:56:36 | INFO     | __main__:1078 -     HINDALCO: rr — {'blocked_by': 'rr', 'implied_rr': 0.16, 'min_rr': 1.0}
23:56:36 | INFO     | __main__:1078 -     ABB: target_reached — {'blocked_by': 'target_reached', 'target': 7222.080167499999, 'cp': 7259.0}
23:56:36 | INFO     | __main__:1078 -     BHARATFORG: rr — {'blocked_by': 'rr', 'implied_rr': 0.09, 'min_rr': 1.0}
23:56:36 | INFO     | __main__:1078 -     BHEL: atr_chase — {'blocked_by': 'atr_chase', 'dist_atrs': 3.13, 'max_atrs': 2.6, 'gap_atrs': 0.53}
23:57:28 | INFO     | config:187 - TradeOS v6 config loaded | Capital=₹200,000 | DRY_RUN=False | Phase=2
23:57:28 | INFO     | __main__:1044 - ============================================================
23:57:28 | INFO     | __main__:1045 - STEP [15]: Generate Signals v4
23:57:28 | INFO     | __main__:1046 - ============================================================
23:57:28 | INFO     | __main__:209 - No stock_data_daily for 2026-05-02 — using last trading day 2026-04-30
23:57:29 | WARNING  | __main__:220 - No MSL for 2026-05-02 — using last available date 2026-05-01 (44 rows)
23:57:29 | INFO     | __main__:250 -   MSL rows loaded: 44 | compute_source: {'ingest_sheets': 28, 'screen_stocks': 16}
23:57:29 | INFO     | __main__:1055 - Signal breakdown:   {'WATCH': 11, 'BLOCKED_ASM': 1}
23:57:29 | INFO     | __main__:1056 - Subtype breakdown:  {}
23:57:29 | INFO     | __main__:1067 -   BUY CANDIDATES:  0 (PRIME: 0 | REENTRY: 0)
23:57:29 | INFO     | __main__:1068 -   EXIT signals:    0
23:57:29 | INFO     | __main__:1069 -   REDUCE signals:  0
23:57:29 | INFO     | __main__:1070 -   DECEL HOLDs:     0
23:57:29 | INFO     | __main__:1071 -   REGIME WARNS:    0
23:57:29 | INFO     | __main__:1075 -   WATCH signals (11) by filter reason:
23:57:29 | INFO     | __main__:1079 -     target_already_reached: 6 — e.g. CUMMINSIND, ABB, BHEL, LLOYDSME
23:57:29 | INFO     | __main__:1079 -     insufficient_rr_0.16x: 1 — e.g. HINDALCO
23:57:29 | INFO     | __main__:1079 -     insufficient_rr_0.09x: 1 — e.g. BHARATFORG
23:57:29 | INFO     | __main__:1079 -     exit_lifecycle_no_entry: 1 — e.g. KIRLOSENG
23:57:29 | INFO     | __main__:1079 -     chase_3.4atrs_limit_1.3: 1 — e.g. ADANIPOWER
23:57:29 | INFO     | __main__:1079 -     chase_4.2atrs_limit_3.3: 1 — e.g. WELCORP
23:57:29 | INFO     | __main__:1090 -   [v4] R:R blocks:        2
23:57:29 | INFO     | __main__:1091 -   [v4] ATR chase blocks:  3
23:57:29 | INFO     | __main__:1092 -   [v4] Breakdowns:        0
23:57:29 | INFO     | __main__:1093 -   [v4] Valid pullbacks:   0
23:57:29 | INFO     | __main__:1094 -   [v4] Target reached:   6
23:57:29 | INFO     | __main__:1095 -   [v4] Adj score floor:  0
23:57:29 | INFO     | __main__:1096 -   [v4] Supertrend exits: 0
23:57:29 | INFO     | __main__:1108 -   Market context: VIX=18.46 Nifty5d=-0.73 Breadth=46.72% FII20d=-51321.83
23:57:30 | INFO     | __main__:1032 - ✓ 12 signals written to signal_log
23:57:49 | INFO     | config:187 - TradeOS v6 config loaded | Capital=₹200,000 | DRY_RUN=False | Phase=2
23:57:49 | INFO     | __main__:1036 - ============================================================
23:57:49 | INFO     | __main__:1037 - STEP [15]: Generate Signals v5 — Dynamic Thresholds
23:57:49 | INFO     | __main__:1038 - ============================================================
23:57:49 | INFO     | __main__:748 -   Thresholds loaded: risk_block=80.0 holding_exit=30.0 min_rr=1.0 min_score_adj=45.0 prime_breakout_min=55.0
23:57:49 | INFO     | __main__:219 - stock_data_daily using last trading day 2026-04-30
23:57:49 | WARNING  | __main__:227 - MSL using last available date 2026-05-01 (44 rows)
23:57:49 | INFO     | __main__:253 -   MSL: 44 rows | compute_source: {'ingest_sheets': 28, 'screen_stocks': 16}
23:57:49 | INFO     | __main__:1046 - Signal breakdown:  {'WATCH': 11, 'BLOCKED_ASM': 1}
23:57:49 | INFO     | __main__:1047 - Subtype breakdown: {}
23:57:49 | INFO     | __main__:1057 -   BUY: 0 (PRIME:0 REENTRY:0)
23:57:49 | INFO     | __main__:1058 -   EXIT:0 REDUCE:0 WATCH:11 (near_miss:10)
23:57:49 | INFO     | __main__:1064 -     target_already_reached: 3 — CUMMINSIND, ABB, SAIL
23:57:49 | INFO     | __main__:1064 -     insufficient_rr_0.16x: 1 — HINDALCO
23:57:49 | INFO     | __main__:1064 -     insufficient_rr_0.09x: 1 — BHARATFORG
23:57:49 | INFO     | __main__:1064 -     exit_lifecycle_no_entry: 1 — KIRLOSENG
23:57:49 | INFO     | __main__:1064 -     chase_3.1atrs_limit_2.6: 1 — BHEL
23:57:49 | INFO     | __main__:1064 -     chase_2.8atrs_limit_2.6: 1 — LLOYDSME
23:57:49 | INFO     | __main__:1064 -     chase_3.4atrs_limit_1.3: 1 — ADANIPOWER
23:57:49 | INFO     | __main__:1064 -     chase_4.2atrs_limit_2.6: 1 — WELCORP
23:57:49 | INFO     | __main__:1064 -     chase_3.5atrs_limit_2.6: 1 — POWERINDIA
23:57:49 | INFO     | __main__:1074 -   💡 Near misses for step 19 upgrade evaluation:
23:57:49 | INFO     | __main__:1078 -     CUMMINSIND: target_reached — {'blocked_by': 'target_reached', 'target': 5243.916067500001, 'cp': 5269.8}
23:57:49 | INFO     | __main__:1078 -     HINDALCO: rr — {'blocked_by': 'rr', 'implied_rr': 0.16, 'min_rr': 1.0}
23:57:49 | INFO     | __main__:1078 -     ABB: target_reached — {'blocked_by': 'target_reached', 'target': 7222.080167499999, 'cp': 7259.0}
23:57:49 | INFO     | __main__:1078 -     BHARATFORG: rr — {'blocked_by': 'rr', 'implied_rr': 0.09, 'min_rr': 1.0}
23:57:49 | INFO     | __main__:1078 -     BHEL: atr_chase — {'blocked_by': 'atr_chase', 'dist_atrs': 3.13, 'max_atrs': 2.6, 'gap_atrs': 0.53}
