23:45:48 | INFO     | config:189 - TradeOS v6 config loaded | Capital=₹200,000 | DRY_RUN=False | Phase=2 | Today's date=2026-06-02
23:46:02 | INFO     | __main__:76 - Navigating to Chartink login...
23:46:05 | INFO     | __main__:82 - ✓ Login submitted
23:46:05 | INFO     | __main__:85 - Navigating to Swing dashboard...
23:46:06 | INFO     | __main__:87 - Waiting for widgets to render...
23:46:17 | WARNING  | __main__:108 - 4 widgets failed to load — retrying page...
23:46:36 | INFO     | __main__:128 - Widget box: {'x': 928, 'y': 541, 'width': 441, 'height': 334}
23:46:37 | INFO     | __main__:133 - Widget box after scroll: {'x': 928, 'y': 289, 'width': 441, 'height': 334}
23:46:37 | INFO     | __main__:141 - Moving mouse: neutral → title (988,304) → CSV (1319,304)
23:46:41 | INFO     | __main__:150 - Clicking CSV button...
23:46:42 | INFO     | __main__:156 - ✓ CSV downloaded: 500 rows
23:46:42 | INFO     | __main__:177 - Writing 500 rows to 'Chartink Raw Data_Nifty 500'...
23:46:47 | INFO     | __main__:193 - ✓ Written to 'Chartink Raw Data_Nifty 500': 500 rows, 52 columns
23:46:47 | INFO     | __main__:199 - Upserting 500 rows to Supabase chartink_raw_data...
23:46:48 | ERROR    | __main__:261 - Supabase upsert batch 0 failed: {'code': 'PGRST204', 'details': None, 'hint': None, 'message': "Could not find the 'Symbol__column_2' column of 'chartink_raw_data' in the schema cache"}
23:46:48 | ERROR    | __main__:261 - Supabase upsert batch 1 failed: {'code': 'PGRST204', 'details': None, 'hint': None, 'message': "Could not find the 'Symbol__column_2' column of 'chartink_raw_data' in the schema cache"}
23:46:48 | ERROR    | __main__:261 - Supabase upsert batch 2 failed: {'code': 'PGRST204', 'details': None, 'hint': None, 'message': "Could not find the 'Symbol__column_2' column of 'chartink_raw_data' in the schema cache"}
23:46:48 | ERROR    | __main__:261 - Supabase upsert batch 3 failed: {'code': 'PGRST204', 'details': None, 'hint': None, 'message': "Could not find the 'Symbol__column_2' column of 'chartink_raw_data' in the schema cache"}
23:46:48 | ERROR    | __main__:261 - Supabase upsert batch 4 failed: {'code': 'PGRST204', 'details': None, 'hint': None, 'message': "Could not find the 'Symbol__column_2' column of 'chartink_raw_data' in the schema cache"}
23:46:48 | WARNING  | __main__:267 - Upserted with 5 batch errors
23:53:24 | INFO     | config:189 - TradeOS v6 config loaded | Capital=₹200,000 | DRY_RUN=False | Phase=2 | Today's date=2026-06-02
23:53:26 | INFO     | __main__:76 - Navigating to Chartink login...
23:53:29 | INFO     | __main__:82 - ✓ Login submitted
23:53:29 | INFO     | __main__:85 - Navigating to Swing dashboard...
23:53:37 | INFO     | __main__:87 - Waiting for widgets to render...
23:53:49 | WARNING  | __main__:108 - 4 widgets failed to load — retrying page...
23:54:09 | INFO     | __main__:128 - Widget box: {'x': 928, 'y': 541, 'width': 441, 'height': 334}
23:54:10 | INFO     | __main__:133 - Widget box after scroll: {'x': 928, 'y': 289, 'width': 441, 'height': 334}
23:54:10 | INFO     | __main__:141 - Moving mouse: neutral → title (988,304) → CSV (1319,304)
23:54:15 | INFO     | __main__:150 - Clicking CSV button...
23:54:15 | INFO     | __main__:156 - ✓ CSV downloaded: 500 rows
23:54:15 | INFO     | __main__:177 - Writing 500 rows to 'Chartink Raw Data_Nifty 500'...
23:54:19 | INFO     | __main__:193 - ✓ Written to 'Chartink Raw Data_Nifty 500': 500 rows, 51 columns
23:54:19 | INFO     | __main__:199 - Upserting 500 rows to Supabase chartink_raw_data...
23:54:21 | INFO     | __main__:265 - ✓ Upserted to chartink_raw_data: 500 rows
